// Jest Snapshot v1, https://goo.gl/fbAQLP

exports[`Layout should render correctly 1`] = `
<Fragment>
  <CssBaseline />
  <CustomAppBar
    logoPath="logo.png"
    title="Telzir"
  />
  <main
    className="makeStyles-main-1"
  />
</Fragment>
`;
