// Jest Snapshot v1, https://goo.gl/fbAQLP

exports[`SelectTextField should render correctly 1`] = `
<WithStyles(ForwardRef(TextField))
  select={true}
/>
`;
